// Jest Snapshot v1, https://goo.gl/fbAQLP

exports[`The form component should match the snapshot. 1`] = `null`;

exports[`The loader component should match the snapshot. 1`] = `null`;
